com/hunter/repositories/IMonstruoRepository.class
com/hunter/controllers/BuscarMonstruosFX.class
com/hunter/repositories/SqliteConnectionManager.class
com/hunter/services/IObjetoService.class
com/hunter/repositories/sqlite/DropSqliteRepository.class
com/hunter/repositories/sqlite/ObjetoSqliteRepository.class
com/hunter/models/Drop.class
com/hunter/Main.class
com/hunter/repositories/sqlite/MonstruoSqliteRepository.class
com/hunter/repositories/IObjetoRepository.class
com/hunter/models/Objeto.class
com/hunter/controllers/ListarMonstruosFX.class
com/hunter/MainAdmin.class
com/hunter/repositories/IDropRepository.class
com/hunter/services/impl/DropService.class
com/hunter/MainApp.class
com/hunter/controllers/MainFX.class
com/hunter/controllers/BuscarPorNombreFX.class
com/hunter/factories/MonstruoFactory.class
com/hunter/services/IDropService.class
com/hunter/models/Monstruo.class
com/hunter/services/IMonstruoService.class
com/hunter/services/impl/MonstruoService.class
com/hunter/services/impl/ObjetoService.class
com/hunter/controllers/BuscarPorTipoFX.class
