/workspaces/Hunter/src/main/java/com/hunter/controllers/BuscarPorTipoFX.java
/workspaces/Hunter/src/main/java/com/hunter/repositories/sqlite/MonstruoSqliteRepository.java
/workspaces/Hunter/src/main/java/com/hunter/factories/MonstruoFactory.java
/workspaces/Hunter/src/main/java/com/hunter/repositories/IMonstruoRepository.java
/workspaces/Hunter/src/main/java/com/hunter/controllers/MainFX.java
/workspaces/Hunter/src/main/java/com/hunter/services/impl/ObjetoService.java
/workspaces/Hunter/src/main/java/com/hunter/repositories/IObjetoRepository.java
/workspaces/Hunter/src/main/java/com/hunter/services/impl/DropService.java
/workspaces/Hunter/src/main/java/com/hunter/controllers/BuscarMonstruosFX.java
/workspaces/Hunter/src/main/java/com/hunter/controllers/BuscarPorNombreFX.java
/workspaces/Hunter/src/main/java/com/hunter/models/Objeto.java
/workspaces/Hunter/src/main/java/com/hunter/repositories/IDropRepository.java
/workspaces/Hunter/src/main/java/com/hunter/repositories/sqlite/ObjetoSqliteRepository.java
/workspaces/Hunter/src/main/java/com/hunter/Main.java
/workspaces/Hunter/src/main/java/com/hunter/repositories/SqliteConnectionManager.java
/workspaces/Hunter/src/main/java/com/hunter/MainApp.java
/workspaces/Hunter/src/main/java/com/hunter/models/Monstruo.java
/workspaces/Hunter/src/main/java/com/hunter/MainAdmin.java
/workspaces/Hunter/src/main/java/com/hunter/repositories/sqlite/DropSqliteRepository.java
/workspaces/Hunter/src/main/java/com/hunter/services/IObjetoService.java
/workspaces/Hunter/src/main/java/com/hunter/services/impl/MonstruoService.java
/workspaces/Hunter/src/main/java/com/hunter/models/Drop.java
/workspaces/Hunter/src/main/java/com/hunter/services/IMonstruoService.java
/workspaces/Hunter/src/main/java/com/hunter/services/IDropService.java
/workspaces/Hunter/src/main/java/com/hunter/controllers/ListarMonstruosFX.java
